// Jest Snapshot v1, https://goo.gl/fbAQLP

exports[`math/Matrix3 can accept args 1`] = `
Array [
  0,
  1,
  2,
  3,
  4,
  5,
  6,
  7,
  8,
]
`;

exports[`math/Matrix3 can clone itself 1`] = `
Array [
  0,
  1,
  2,
  3,
  4,
  5,
  6,
  7,
  8,
]
`;

exports[`math/Matrix3 can copy a matrix 1`] = `
Array [
  0,
  1,
  2,
  3,
  4,
  5,
  6,
  7,
  8,
]
`;

exports[`math/Matrix3 can multiply a matrix 1`] = `
Array [
  12,
  12,
  12,
  32,
  32,
  32,
  92,
  92,
  92,
]
`;

exports[`math/Matrix3 can multiply a scalar 1`] = `
Array [
  4,
  4,
  4,
  4,
  4,
  4,
  4,
  4,
  4,
]
`;
